---
source: ws_levels/src/all_levels.rs
expression: text
---
US States                                          Grids: 50	Min underlap:  3	Mean underlap: 4.42	Mean items: 5.00	Distinct items:  47	Max adjacent  1	Mean adjacent 0.04	Mean utilization 2.20	Fall after 1 62.0%	Fall after 2 78.2%	Fall after 2 cumulative 93.4%
European Countries                                 Grids: 50	Min underlap:  3	Mean underlap: 4.83	Mean items: 5.98	Distinct items:  33	Max adjacent  1	Mean adjacent 0.02	Mean utilization 2.50	Fall after 1 54.5%	Fall after 2 70.1%	Fall after 2 cumulative 89.7%
S & E Asian Countries                              Grids: 50	Min underlap:  2	Mean underlap: 3.84	Mean items: 5.00	Distinct items:  25	Max adjacent  0	Mean adjacent 0.00	Mean utilization 2.12	Fall after 1 72.4%	Fall after 2 85.0%	Fall after 2 cumulative 96.8%
Middle Eastern Countries                           Grids: 20	Min underlap:  2	Mean underlap: 3.59	Mean items: 5.00	Distinct items:  16	Max adjacent  2	Mean adjacent 0.21	Mean utilization 1.84	Fall after 1 78.0%	Fall after 2 87.0%	Fall after 2 cumulative 99.0%
African Countries                                  Grids: 50	Min underlap:  4	Mean underlap: 5.49	Mean items: 6.90	Distinct items:  49	Max adjacent  1	Mean adjacent 0.02	Mean utilization 2.62	Fall after 1 41.9%	Fall after 2 54.5%	Fall after 2 cumulative 74.6%
European Capitals                                  Grids: 50	Min underlap:  3	Mean underlap: 4.70	Mean items: 6.00	Distinct items:  31	Max adjacent  0	Mean adjacent 0.00	Mean utilization 2.22	Fall after 1 64.7%	Fall after 2 74.8%	Fall after 2 cumulative 92.5%
S & E Asian Capitals                               Grids: 50	Min underlap:  2	Mean underlap: 3.63	Mean items: 5.00	Distinct items:  21	Max adjacent  0	Mean adjacent 0.00	Mean utilization 1.90	Fall after 1 73.2%	Fall after 2 85.5%	Fall after 2 cumulative 96.4%
Middle Eastern Capitals                            Grids: 20	Min underlap:  2	Mean underlap: 3.44	Mean items: 5.00	Distinct items:  16	Max adjacent  1	Mean adjacent 0.05	Mean utilization 1.91	Fall after 1 76.0%	Fall after 2 86.8%	Fall after 2 cumulative 98.0%
Mammals                                            Grids: 50	Min underlap:  6	Mean underlap: 7.68	Mean items: 8.94	Distinct items:  86	Max adjacent  0	Mean adjacent 0.00	Mean utilization 2.93	Fall after 1 32.5%	Fall after 2 40.5%	Fall after 2 cumulative 61.1%
Birds                                              Grids: 50	Min underlap:  5	Mean underlap: 7.11	Mean items: 7.94	Distinct items:  94	Max adjacent  0	Mean adjacent 0.00	Mean utilization 2.83	Fall after 1 33.4%	Fall after 2 44.2%	Fall after 2 cumulative 64.3%
Insects                                            Grids: 50	Min underlap:  3	Mean underlap: 4.55	Mean items: 5.96	Distinct items:  32	Max adjacent  1	Mean adjacent 0.04	Mean utilization 2.11	Fall after 1 58.3%	Fall after 2 73.6%	Fall after 2 cumulative 90.2%
Reptiles & Amphibians                              Grids: 20	Min underlap:  3	Mean underlap: 4.44	Mean items: 5.90	Distinct items:  27	Max adjacent  2	Mean adjacent 0.21	Mean utilization 2.14	Fall after 1 74.5%	Fall after 2 85.6%	Fall after 2 cumulative 97.2%
Fruit                                              Grids: 50	Min underlap:  4	Mean underlap: 5.71	Mean items: 6.98	Distinct items:  60	Max adjacent  0	Mean adjacent 0.00	Mean utilization 2.67	Fall after 1 35.8%	Fall after 2 49.2%	Fall after 2 cumulative 69.8%
Vegetables                                         Grids: 50	Min underlap:  3	Mean underlap: 5.08	Mean items: 5.98	Distinct items:  46	Max adjacent  1	Mean adjacent 0.02	Mean utilization 2.29	Fall after 1 61.9%	Fall after 2 74.3%	Fall after 2 cumulative 92.5%
Gemstones                                          Grids: 50	Min underlap:  2	Mean underlap: 3.81	Mean items: 5.00	Distinct items:  21	Max adjacent  0	Mean adjacent 0.00	Mean utilization 1.89	Fall after 1 75.2%	Fall after 2 87.1%	Fall after 2 cumulative 97.8%
Elements                                           Grids: 50	Min underlap:  4	Mean underlap: 6.08	Mean items: 8.00	Distinct items:  42	Max adjacent  2	Mean adjacent 0.06	Mean utilization 2.93	Fall after 1 39.0%	Fall after 2 47.9%	Fall after 2 cumulative 70.1%
NFL Teams                                          Grids: 50	Min underlap:  3	Mean underlap: 4.68	Mean items: 5.98	Distinct items:  32	Max adjacent  0	Mean adjacent 0.00	Mean utilization 2.32	Fall after 1 66.6%	Fall after 2 76.9%	Fall after 2 cumulative 92.9%
NBA Teams                                          Grids: 50	Min underlap:  3	Mean underlap: 4.47	Mean items: 5.98	Distinct items:  28	Max adjacent  0	Mean adjacent 0.00	Mean utilization 2.16	Fall after 1 63.9%	Fall after 2 75.0%	Fall after 2 cumulative 91.9%
MLB Teams                                          Grids: 50	Min underlap:  3	Mean underlap: 4.78	Mean items: 6.00	Distinct items:  29	Max adjacent  2	Mean adjacent 0.08	Mean utilization 2.40	Fall after 1 64.7%	Fall after 2 75.0%	Fall after 2 cumulative 92.7%
NHL Teams                                          Grids: 50	Min underlap:  2	Mean underlap: 4.53	Mean items: 5.94	Distinct items:  32	Max adjacent  0	Mean adjacent 0.00	Mean utilization 2.37	Fall after 1 63.4%	Fall after 2 74.4%	Fall after 2 cumulative 90.3%
